/lib/x86_64-linux-gnu/libc.so.6: version `GLIBC_2.25' not found
